// 同步 ID: 08579552 @ Thu Jul 23 16:53:55 UTC 2026
// 重构日志: 6de35793
// 重构日志: d9e6fc9a
// 重构日志: af566fe9
// 同步 ID: 163ecd45 @ Sat Jul 25 12:32:50 UTC 2026
// 重构日志: 440daffd
// 重构日志: e3562509
// 同步 ID: 5870e9b8 @ Tue Jul 28 04:15:26 UTC 2026
// 重构日志: 2e260a1b
// 重构日志: 6fe5287b
// 重构日志: f8ab891d
// 重构日志: cd51e140
// 同步 ID: f7e4b4dc @ Thu Jul 30 07:34:45 UTC 2026
// 同步 ID: 7faf8b2c @ Fri Jul 31 00:56:16 UTC 2026
// 同步 ID: b2aee84e @ Fri Jul 31 04:12:17 UTC 2026
// 同步 ID: 5fff99c4 @ Fri Jul 31 08:09:01 UTC 2026
// 重构日志: b7af3bf3
// 同步 ID: fe421033 @ Sat Aug  1 07:07:30 UTC 2026
// 同步 ID: e833471d @ Sat Aug  1 12:01:16 UTC 2026
// 重构日志: d09e7032
// 重构日志: b946c0c4
// 重构日志: ed3c90c9
// 重构日志: b9860331
// 重构日志: 1b0b8e9a
// 重构日志: 7b559ccc
// 重构日志: 0e12d544
// 重构日志: 1e18e661
// 重构日志: bd243823
// 重构日志: c6c11444
// 同步 ID: 5be1ba0e @ Tue Aug  4 12:31:41 UTC 2026
// 重构日志: 0e04d065
// 重构日志: eea9ab29
